
> @colmkenna/ck-webcomponents@1.0.0 test
> jest tests/ck-editable-array/form-integration.test.ts

npm : FAIL 
tests/ck-editable-array/form-integration.test.ts
At line:1 char:1
+ npm test -- tests/ck-editable-array/form-integ
ration.test.ts > test_o ...
+ ~~~~~~~~~~~~~~~~~~~~~~~~~~~~~~~~~~~~~~~~~~~~~~
~~~~~~~~~~~~~~~~~~~~~~~
    + CategoryInfo          : NotSpecified: (FA 
   IL tests/ck-e...gration.test.ts:String) [],  
   RemoteException
    + FullyQualifiedErrorId : NativeCommandErro 
   r
 
  FR-022: Value Property
    ├ù TC-022-01: value getter returns JSON 
string (22 ms)
    ├ù TC-022-02: value setter parses JSON (2 
ms)
    ├ù TC-022-03: Invalid JSON handled 
gracefully (2 ms)
  FR-023: FormData Integration
    ├ù TC-023-01: toFormData() returns FormData 
(1 ms)
    ├ù TC-023-02: FormData keys follow pattern 
(2 ms)
    ├ù TC-023-03: Internal properties excluded 
(1 ms)
  FR-024 & FR-025: Validation API
    ├ù TC-024-01: checkValidity() validates all 
rows (1 ms)
    ├ù TC-024-02: Returns true when all valid 
(1 ms)
    ├ù TC-024-03: Returns false when any 
invalid (1 ms)
    ├ù TC-025-01: reportValidity() updates UI 
(2 ms)
  FR-025a: Form Association
    ΓêÜ TC-025a-01: formAssociated static 
property (1 ms)
    ├ù TC-025a-03: formResetCallback clears data
    ΓêÜ TC-025a-04: formDisabledCallback sets 
readonly (1 ms)

  ΓùÅ FR-022: Value Property ΓÇ║ TC-022-01: 
value getter returns JSON string

    TypeError: this._internals.setValidity is 
not a function

    [0m [90m 775 |[39m   [36mprivate[39m 
updateInternalsValidity()[33m:[39m 
[36mvoid[39m {
     [90m 776 |[39m     [36mif[39m ([33mObj
ect[39m[33m.[39mkeys([36mthis[39m[33m.[39
m_validationSchema)[33m.[39mlength 
[33m===[39m [35m0[39m) {
    [31m[1m>[22m[39m[90m 777 |[39m       
[36mthis[39m[33m.[39m_internals[33m.[39mset
Validity({})[33m;[39m
     [90m     |[39m                       
[31m[1m^[22m[39m
     [90m 778 |[39m       
[36mreturn[39m[33m;[39m
     [90m 779 |[39m     }
     [90m 780 |[39m[0m

      at 
CkEditableArray.updateInternalsValidity (src/com
ponents/ck-editable-array/ck-editable-array.ts:7
77:23)
      at CkEditableArray.set data [as data] (src
/components/ck-editable-array/ck-editable-array.
ts:517:10)
      at Object.<anonymous> (tests/ck-editable-a
rray/form-integration.test.ts:26:16)

  ΓùÅ FR-022: Value Property ΓÇ║ TC-022-02: 
value setter parses JSON

    TypeError: this._internals.setValidity is 
not a function

    [0m [90m 775 |[39m   [36mprivate[39m 
updateInternalsValidity()[33m:[39m 
[36mvoid[39m {
     [90m 776 |[39m     [36mif[39m ([33mObj
ect[39m[33m.[39mkeys([36mthis[39m[33m.[39
m_validationSchema)[33m.[39mlength 
[33m===[39m [35m0[39m) {
    [31m[1m>[22m[39m[90m 777 |[39m       
[36mthis[39m[33m.[39m_internals[33m.[39mset
Validity({})[33m;[39m
     [90m     |[39m                       
[31m[1m^[22m[39m
     [90m 778 |[39m       
[36mreturn[39m[33m;[39m
     [90m 779 |[39m     }
     [90m 780 |[39m[0m

      at 
CkEditableArray.updateInternalsValidity (src/com
ponents/ck-editable-array/ck-editable-array.ts:7
77:23)
      at CkEditableArray.set data [as data] (src
/components/ck-editable-array/ck-editable-array.
ts:517:10)
      at CkEditableArray.set value [as value] (s
rc/components/ck-editable-array/ck-editable-arra
y.ts:725:16)
      at Object.<anonymous> (tests/ck-editable-a
rray/form-integration.test.ts:34:17)

  ΓùÅ FR-022: Value Property ΓÇ║ TC-022-03: 
Invalid JSON handled gracefully

    TypeError: this._internals.setValidity is 
not a function

    [0m [90m 775 |[39m   [36mprivate[39m 
updateInternalsValidity()[33m:[39m 
[36mvoid[39m {
     [90m 776 |[39m     [36mif[39m ([33mObj
ect[39m[33m.[39mkeys([36mthis[39m[33m.[39
m_validationSchema)[33m.[39mlength 
[33m===[39m [35m0[39m) {
    [31m[1m>[22m[39m[90m 777 |[39m       
[36mthis[39m[33m.[39m_internals[33m.[39mset
Validity({})[33m;[39m
     [90m     |[39m                       
[31m[1m^[22m[39m
     [90m 778 |[39m       
[36mreturn[39m[33m;[39m
     [90m 779 |[39m     }
     [90m 780 |[39m[0m

      at 
CkEditableArray.updateInternalsValidity (src/com
ponents/ck-editable-array/ck-editable-array.ts:7
77:23)
      at CkEditableArray.set data [as data] (src
/components/ck-editable-array/ck-editable-array.
ts:517:10)
      at Object.<anonymous> (tests/ck-editable-a
rray/form-integration.test.ts:41:16)

  ΓùÅ FR-023: FormData Integration ΓÇ║ 
TC-023-01: toFormData() returns FormData

    TypeError: this._internals.setValidity is 
not a function

    [0m [90m 775 |[39m   [36mprivate[39m 
updateInternalsValidity()[33m:[39m 
[36mvoid[39m {
     [90m 776 |[39m     [36mif[39m ([33mObj
ect[39m[33m.[39mkeys([36mthis[39m[33m.[39
m_validationSchema)[33m.[39mlength 
[33m===[39m [35m0[39m) {
    [31m[1m>[22m[39m[90m 777 |[39m       
[36mthis[39m[33m.[39m_internals[33m.[39mset
Validity({})[33m;[39m
     [90m     |[39m                       
[31m[1m^[22m[39m
     [90m 778 |[39m       
[36mreturn[39m[33m;[39m
     [90m 779 |[39m     }
     [90m 780 |[39m[0m

      at 
CkEditableArray.updateInternalsValidity (src/com
ponents/ck-editable-array/ck-editable-array.ts:7
77:23)
      at CkEditableArray.set data [as data] (src
/components/ck-editable-array/ck-editable-array.
ts:517:10)
      at Object.<anonymous> (tests/ck-editable-a
rray/form-integration.test.ts:66:16)

  ΓùÅ FR-023: FormData Integration ΓÇ║ 
TC-023-02: FormData keys follow pattern

    TypeError: this._internals.setValidity is 
not a function

    [0m [90m 775 |[39m   [36mprivate[39m 
updateInternalsValidity()[33m:[39m 
[36mvoid[39m {
     [90m 776 |[39m     [36mif[39m ([33mObj
ect[39m[33m.[39mkeys([36mthis[39m[33m.[39
m_validationSchema)[33m.[39mlength 
[33m===[39m [35m0[39m) {
    [31m[1m>[22m[39m[90m 777 |[39m       
[36mthis[39m[33m.[39m_internals[33m.[39mset
Validity({})[33m;[39m
     [90m     |[39m                       
[31m[1m^[22m[39m
     [90m 778 |[39m       
[36mreturn[39m[33m;[39m
     [90m 779 |[39m     }
     [90m 780 |[39m[0m

      at 
CkEditableArray.updateInternalsValidity (src/com
ponents/ck-editable-array/ck-editable-array.ts:7
77:23)
      at CkEditableArray.set data [as data] (src
/components/ck-editable-array/ck-editable-array.
ts:517:10)
      at Object.<anonymous> (tests/ck-editable-a
rray/form-integration.test.ts:75:16)

  ΓùÅ FR-023: FormData Integration ΓÇ║ 
TC-023-03: Internal properties excluded

    TypeError: this._internals.setValidity is 
not a function

    [0m [90m 775 |[39m   [36mprivate[39m 
updateInternalsValidity()[33m:[39m 
[36mvoid[39m {
     [90m 776 |[39m     [36mif[39m ([33mObj
ect[39m[33m.[39mkeys([36mthis[39m[33m.[39
m_validationSchema)[33m.[39mlength 
[33m===[39m [35m0[39m) {
    [31m[1m>[22m[39m[90m 777 |[39m       
[36mthis[39m[33m.[39m_internals[33m.[39mset
Validity({})[33m;[39m
     [90m     |[39m                       
[31m[1m^[22m[39m
     [90m 778 |[39m       
[36mreturn[39m[33m;[39m
     [90m 779 |[39m     }
     [90m 780 |[39m[0m

      at 
CkEditableArray.updateInternalsValidity (src/com
ponents/ck-editable-array/ck-editable-array.ts:7
77:23)
      at CkEditableArray.set data [as data] (src
/components/ck-editable-array/ck-editable-array.
ts:517:10)
      at Object.<anonymous> (tests/ck-editable-a
rray/form-integration.test.ts:83:16)

  ΓùÅ FR-024 & FR-025: Validation API ΓÇ║ 
TC-024-01: checkValidity() validates all rows

    TypeError: this._internals.setValidity is 
not a function

    [0m [90m 786 |[39m
     [90m 787 |[39m     [36mif[39m 
(invalidRows[33m.[39mlength [33m>[39m 
[35m0[39m) {
    [31m[1m>[22m[39m[90m 788 |[39m       
[36mthis[39m[33m.[39m_internals[33m.[39mset
Validity(
     [90m     |[39m                       
[31m[1m^[22m[39m
     [90m 789 |[39m         { 
customError[33m:[39m [36mtrue[39m 
}[33m,[39m
     [90m 790 |[39m         [32m`Rows 
${invalidRows.map(i => i + 1).join(', ')} 
contain errors.`[39m
     [90m 791 |[39m       )[33m;[39m[0m

      at 
CkEditableArray.updateInternalsValidity (src/com
ponents/ck-editable-array/ck-editable-array.ts:7
88:23)
      at CkEditableArray.set data [as data] (src
/components/ck-editable-array/ck-editable-array.
ts:517:10)
      at Object.<anonymous> (tests/ck-editable-a
rray/form-integration.test.ts:109:16)

  ΓùÅ FR-024 & FR-025: Validation API ΓÇ║ 
TC-024-02: Returns true when all valid

    TypeError: this._internals.setValidity is 
not a function

    [0m [90m 791 |[39m       )[33m;[39m
     [90m 792 |[39m     } [36melse[39m {
    [31m[1m>[22m[39m[90m 793 |[39m       
[36mthis[39m[33m.[39m_internals[33m.[39mset
Validity({})[33m;[39m
     [90m     |[39m                       
[31m[1m^[22m[39m
     [90m 794 |[39m     }
     [90m 795 |[39m   }
     [90m 796 |[39m[0m

      at 
CkEditableArray.updateInternalsValidity (src/com
ponents/ck-editable-array/ck-editable-array.ts:7
93:23)
      at CkEditableArray.set data [as data] (src
/components/ck-editable-array/ck-editable-array.
ts:517:10)
      at Object.<anonymous> (tests/ck-editable-a
rray/form-integration.test.ts:121:16)

  ΓùÅ FR-024 & FR-025: Validation API ΓÇ║ 
TC-024-03: Returns false when any invalid

    TypeError: this._internals.setValidity is 
not a function

    [0m [90m 786 |[39m
     [90m 787 |[39m     [36mif[39m 
(invalidRows[33m.[39mlength [33m>[39m 
[35m0[39m) {
    [31m[1m>[22m[39m[90m 788 |[39m       
[36mthis[39m[33m.[39m_internals[33m.[39mset
Validity(
     [90m     |[39m                       
[31m[1m^[22m[39m
     [90m 789 |[39m         { 
customError[33m:[39m [36mtrue[39m 
}[33m,[39m
     [90m 790 |[39m         [32m`Rows 
${invalidRows.map(i => i + 1).join(', ')} 
contain errors.`[39m
     [90m 791 |[39m       )[33m;[39m[0m

      at 
CkEditableArray.updateInternalsValidity (src/com
ponents/ck-editable-array/ck-editable-array.ts:7
88:23)
      at CkEditableArray.set data [as data] (src
/components/ck-editable-array/ck-editable-array.
ts:517:10)
      at Object.<anonymous> (tests/ck-editable-a
rray/form-integration.test.ts:134:16)

  ΓùÅ FR-024 & FR-025: Validation API ΓÇ║ 
TC-025-01: reportValidity() updates UI

    TypeError: this._internals.setValidity is 
not a function

    [0m [90m 786 |[39m
     [90m 787 |[39m     [36mif[39m 
(invalidRows[33m.[39mlength [33m>[39m 
[35m0[39m) {
    [31m[1m>[22m[39m[90m 788 |[39m       
[36mthis[39m[33m.[39m_internals[33m.[39mset
Validity(
     [90m     |[39m                       
[31m[1m^[22m[39m
     [90m 789 |[39m         { 
customError[33m:[39m [36mtrue[39m 
}[33m,[39m
     [90m 790 |[39m         [32m`Rows 
${invalidRows.map(i => i + 1).join(', ')} 
contain errors.`[39m
     [90m 791 |[39m       )[33m;[39m[0m

      at 
CkEditableArray.updateInternalsValidity (src/com
ponents/ck-editable-array/ck-editable-array.ts:7
88:23)
      at CkEditableArray.set data [as data] (src
/components/ck-editable-array/ck-editable-array.
ts:517:10)
      at Object.<anonymous> (tests/ck-editable-a
rray/form-integration.test.ts:149:16)

  ΓùÅ FR-025a: Form Association ΓÇ║ TC-025a-03: 
formResetCallback clears data

    TypeError: this._internals.setValidity is 
not a function

    [0m [90m 775 |[39m   [36mprivate[39m 
updateInternalsValidity()[33m:[39m 
[36mvoid[39m {
     [90m 776 |[39m     [36mif[39m ([33mObj
ect[39m[33m.[39mkeys([36mthis[39m[33m.[39
m_validationSchema)[33m.[39mlength 
[33m===[39m [35m0[39m) {
    [31m[1m>[22m[39m[90m 777 |[39m       
[36mthis[39m[33m.[39m_internals[33m.[39mset
Validity({})[33m;[39m
     [90m     |[39m                       
[31m[1m^[22m[39m
     [90m 778 |[39m       
[36mreturn[39m[33m;[39m
     [90m 779 |[39m     }
     [90m 780 |[39m[0m

      at 
CkEditableArray.updateInternalsValidity (src/com
ponents/ck-editable-array/ck-editable-array.ts:7
77:23)
      at CkEditableArray.set data [as data] (src
/components/ck-editable-array/ck-editable-array.
ts:517:10)
      at Object.<anonymous> (tests/ck-editable-a
rray/form-integration.test.ts:166:30)

Test Suites: 1 failed, 1 total
Tests:       11 failed, 2 passed, 13 total
Snapshots:   0 total
Time:        1.413 s, estimated 2 s
Ran all test suites matching tests/ck-editable-a
rray/form-integration.test.ts.
